// Jest Snapshot v1, https://goo.gl/fbAQLP

exports[`iconed button snapshot 1`] = `
<button
  class="button-component"
>
  Добавить группу
</button>
`;
